Component: ARM Compiler 5.06 (build 20) Tool: armlink [4d35a3]

==============================================================================

Section Cross References

    lcd1602.o(i.lcd_bat) refers to lcd1602.o(i.lcd_cmd) for lcd_cmd
    lcd1602.o(i.lcd_bat) refers to lcd1602.o(i.lcd_put) for lcd_put
    lcd1602.o(i.lcd_cmd) refers to lcd1602.o(i.delay) for delay
    lcd1602.o(i.lcd_init) refers to lcd1602.o(i.lcd_cmd) for lcd_cmd
    lcd1602.o(i.lcd_init) refers to lcd1602.o(i.lcd_print) for lcd_print
    lcd1602.o(i.lcd_make) refers to rt_memcpy.o(.emb_text) for __aeabi_memcpy4
    lcd1602.o(i.lcd_make) refers to lcd1602.o(i.lcd_cmd) for lcd_cmd
    lcd1602.o(i.lcd_make) refers to lcd1602.o(i.lcd_put) for lcd_put
    lcd1602.o(i.lcd_print) refers to lcd1602.o(i.lcd_cmd) for lcd_cmd
    lcd1602.o(i.lcd_print) refers to lcd1602.o(i.lcd_put) for lcd_put
    lcd1602.o(i.lcd_put) refers to lcd1602.o(i.delay) for delay
    myi2c.o(i.i2c_read) refers to myi2c.o(i.delay) for delay
    myi2c.o(i.i2c_scan) refers to myi2c.o(i.i2c_start) for i2c_start
    myi2c.o(i.i2c_scan) refers to myi2c.o(i.i2c_write) for i2c_write
    myi2c.o(i.i2c_scan) refers to myi2c.o(i.i2c_stop) for i2c_stop
    myi2c.o(i.i2c_start) refers to gpio.o(i.GPIO_SetMode) for GPIO_SetMode
    myi2c.o(i.i2c_start) refers to myi2c.o(i.delay) for delay
    myi2c.o(i.i2c_stop) refers to myi2c.o(i.delay) for delay
    myi2c.o(i.i2c_write) refers to myi2c.o(i.delay) for delay
    main.o(i.ADC_IRQHandler) refers to _printf_percent.o(.ARM.Collect$$_printf_percent$$00000000) for _printf_percent
    main.o(i.ADC_IRQHandler) refers to _printf_d.o(.ARM.Collect$$_printf_percent$$00000009) for _printf_d
    main.o(i.ADC_IRQHandler) refers to _printf_dec.o(.text) for _printf_int_dec
    main.o(i.ADC_IRQHandler) refers to _printf_pad.o(.text) for _printf_pre_padding
    main.o(i.ADC_IRQHandler) refers to noretval__2printf.o(.text) for __2printf
    main.o(i.ADC_IRQHandler) refers to noretval__2sprintf.o(.text) for __2sprintf
    main.o(i.ADC_IRQHandler) refers to lcd1602.o(i.lcd_print) for lcd_print
    main.o(i.SysTick_Config) refers to main.o(i.NVIC_SetPriority) for NVIC_SetPriority
    main.o(i.SysTick_Handler) refers to main.o(.data) for tick
    main.o(i.TMR1_IRQHandler) refers to main.o(.data) for TMR1F
    main.o(i.UART1_IRQHandler) refers to main.o(i.cmp_str) for cmp_str
    main.o(i.UART1_IRQHandler) refers to main.o(.data) for ri
    main.o(i.UART1_IRQHandler) refers to main.o(.bss) for rb
    main.o(i.UART1_IRQHandler) refers to main.o(.constdata) for connect
    main.o(i.delay_ms) refers to main.o(.data) for tick
    main.o(i.init) refers to aeabi_sdiv.o(.text) for __aeabi_uidivmod
    main.o(i.init) refers to main.o(i.SysTick_Config) for SysTick_Config
    main.o(i.init) refers to system_nano100series.o(.data) for SystemCoreClock
    main.o(i.init_ADC) refers to main.o(i.SYS_UnlockReg) for SYS_UnlockReg
    main.o(i.init_ADC) refers to clk.o(i.CLK_EnableModuleClock) for CLK_EnableModuleClock
    main.o(i.init_ADC) refers to clk.o(i.CLK_SetModuleClock) for CLK_SetModuleClock
    main.o(i.init_ADC) refers to main.o(i.SYS_LockReg) for SYS_LockReg
    main.o(i.init_ADC) refers to adc.o(i.ADC_Open) for ADC_Open
    main.o(i.init_ADC) refers to adc.o(i.ADC_EnableInt) for ADC_EnableInt
    main.o(i.init_ADC) refers to main.o(i.NVIC_EnableIRQ) for NVIC_EnableIRQ
    main.o(i.init_HCLK) refers to main.o(i.SYS_UnlockReg) for SYS_UnlockReg
    main.o(i.init_HCLK) refers to clk.o(i.CLK_EnableXtalRC) for CLK_EnableXtalRC
    main.o(i.init_HCLK) refers to clk.o(i.CLK_WaitClockReady) for CLK_WaitClockReady
    main.o(i.init_HCLK) refers to clk.o(i.CLK_SetHCLK) for CLK_SetHCLK
    main.o(i.init_HCLK) refers to main.o(i.SYS_LockReg) for SYS_LockReg
    main.o(i.init_TIMER1) refers to main.o(i.SYS_UnlockReg) for SYS_UnlockReg
    main.o(i.init_TIMER1) refers to clk.o(i.CLK_EnableModuleClock) for CLK_EnableModuleClock
    main.o(i.init_TIMER1) refers to clk.o(i.CLK_SetModuleClock) for CLK_SetModuleClock
    main.o(i.init_TIMER1) refers to main.o(i.SYS_LockReg) for SYS_LockReg
    main.o(i.init_TIMER1) refers to timer.o(i.TIMER_Open) for TIMER_Open
    main.o(i.init_TIMER1) refers to main.o(i.NVIC_EnableIRQ) for NVIC_EnableIRQ
    main.o(i.init_UART0) refers to main.o(i.SYS_UnlockReg) for SYS_UnlockReg
    main.o(i.init_UART0) refers to clk.o(i.CLK_EnableModuleClock) for CLK_EnableModuleClock
    main.o(i.init_UART0) refers to clk.o(i.CLK_SetModuleClock) for CLK_SetModuleClock
    main.o(i.init_UART0) refers to main.o(i.SYS_LockReg) for SYS_LockReg
    main.o(i.init_UART0) refers to uart.o(i.UART_Open) for UART_Open
    main.o(i.init_UART0) refers to main.o(i.NVIC_EnableIRQ) for NVIC_EnableIRQ
    main.o(i.init_UART1) refers to main.o(i.SYS_UnlockReg) for SYS_UnlockReg
    main.o(i.init_UART1) refers to clk.o(i.CLK_EnableModuleClock) for CLK_EnableModuleClock
    main.o(i.init_UART1) refers to clk.o(i.CLK_SetModuleClock) for CLK_SetModuleClock
[...]
    ../clib/angel/boardlib.s                 0x00000000   Number         0  boardinit2.o ABSOLUTE
    ../clib/angel/boardlib.s                 0x00000000   Number         0  boardinit1.o ABSOLUTE
    ../clib/angel/boardlib.s                 0x00000000   Number         0  boardinit3.o ABSOLUTE
    ../clib/angel/boardlib.s                 0x00000000   Number         0  boardshut.o ABSOLUTE
    ../clib/angel/handlers.s                 0x00000000   Number         0  __scatter_zi.o ABSOLUTE
    ../clib/angel/handlers.s                 0x00000000   Number         0  __scatter_copy.o ABSOLUTE
    ../clib/angel/kernel.s                   0x00000000   Number         0  rtexit.o ABSOLUTE
    ../clib/angel/kernel.s                   0x00000000   Number         0  rtexit2.o ABSOLUTE
    ../clib/angel/kernel.s                   0x00000000   Number         0  __rtentry2.o ABSOLUTE
    ../clib/angel/kernel.s                   0x00000000   Number         0  __rtentry4.o ABSOLUTE
    ../clib/angel/kernel.s                   0x00000000   Number         0  __rtentry.o ABSOLUTE
    ../clib/angel/rt.s                       0x00000000   Number         0  rt_locale.o ABSOLUTE
    ../clib/angel/rt.s                       0x00000000   Number         0  rt_locale_intlibspace.o ABSOLUTE
    ../clib/angel/rt.s                       0x00000000   Number         0  rt_raise.o ABSOLUTE
    ../clib/angel/rt.s                       0x00000000   Number         0  aeabi_idiv0_sigfpe.o ABSOLUTE
    ../clib/angel/rt.s                       0x00000000   Number         0  aeabi_idiv0.o ABSOLUTE
    ../clib/angel/rt.s                       0x00000000   Number         0  rt_div0.o ABSOLUTE
    ../clib/angel/rt.s                       0x00000000   Number         0  aeabi_ldiv0.o ABSOLUTE
    ../clib/angel/rt.s                       0x00000000   Number         0  aeabi_ldiv0_sigfpe.o ABSOLUTE
    ../clib/angel/scatterp.s                 0x00000000   Number         0  __scatter.o ABSOLUTE
    ../clib/angel/startup.s                  0x00000000   Number         0  __main.o ABSOLUTE
    ../clib/angel/sys.s                      0x00000000   Number         0  indicate_semi.o ABSOLUTE
    ../clib/angel/sys.s                      0x00000000   Number         0  libspace.o ABSOLUTE
    ../clib/angel/sys.s                      0x00000000   Number         0  use_no_semi.o ABSOLUTE
    ../clib/angel/sys.s                      0x00000000   Number         0  tempstk.o ABSOLUTE
    ../clib/angel/sys.s                      0x00000000   Number         0  sys_stackheap_outer.o ABSOLUTE
    ../clib/angel/sysapp.c                   0x00000000   Number         0  sys_exit.o ABSOLUTE
    ../clib/angel/sysapp.c                   0x00000000   Number         0  sys_command.o ABSOLUTE
    ../clib/armsys.c                         0x00000000   Number         0  argv_veneer.o ABSOLUTE
    ../clib/armsys.c                         0x00000000   Number         0  no_argv.o ABSOLUTE
    ../clib/armsys.c                         0x00000000   Number         0  _get_argv_nomalloc.o ABSOLUTE
    ../clib/bigflt.c                         0x00000000   Number         0  bigflt0.o ABSOLUTE
    ../clib/btod.c                           0x00000000   Number         0  btod.o ABSOLUTE
    ../clib/division.c                       0x00000000   Number         0  llsdiv.o ABSOLUTE
    ../clib/division.c                       0x00000000   Number         0  lludiv10.o ABSOLUTE
    ../clib/division.c                       0x00000000   Number         0  lludiv.o ABSOLUTE
    ../clib/division.c                       0x00000000   Number         0  rtudiv10.o ABSOLUTE
    ../clib/division.s                       0x00000000   Number         0  aeabi_sdiv.o ABSOLUTE
    ../clib/division.s                       0x00000000   Number         0  aeabi_sdiv_div0.o ABSOLUTE
    ../clib/heapalloc.c                      0x00000000   Number         0  hrguard.o ABSOLUTE
    ../clib/heapaux.c                        0x00000000   Number         0  heapauxi.o ABSOLUTE
    ../clib/libinit.s                        0x00000000   Number         0  libshutdown.o ABSOLUTE
    ../clib/libinit.s                        0x00000000   Number         0  libshutdown2.o ABSOLUTE
    ../clib/libinit.s                        0x00000000   Number         0  libinit.o ABSOLUTE
    ../clib/libinit.s                        0x00000000   Number         0  libinit2.o ABSOLUTE
    ../clib/locale.s                         0x00000000   Number         0  lc_numeric_c.o ABSOLUTE
    ../clib/memcpset.c                       0x00000000   Number         0  rt_memcpy.o ABSOLUTE
    ../clib/memcpset.c                       0x00000000   Number         0  rt_memcpy.o ABSOLUTE
    ../clib/misc.s                           0x00000000   Number         0  printf_stubs.o ABSOLUTE
    ../clib/printf.c                         0x00000000   Number         0  __printf_flags_wp.o ABSOLUTE
    ../clib/printf.c                         0x00000000   Number         0  _sputc.o ABSOLUTE
    ../clib/printf.c                         0x00000000   Number         0  _printf_char_common.o ABSOLUTE
    ../clib/printf.c                         0x00000000   Number         0  _printf_fp_dec.o ABSOLUTE
    ../clib/printf.c                         0x00000000   Number         0  __printf_ss_wp.o ABSOLUTE
    ../clib/printf.c                         0x00000000   Number         0  __printf_flags_ss_wp.o ABSOLUTE
    ../clib/printf.c                         0x00000000   Number         0  _printf_hex_int_ll.o ABSOLUTE
    ../clib/printf.c                         0x00000000   Number         0  _printf_intcommon.o ABSOLUTE
    ../clib/printf.c                         0x00000000   Number         0  _printf_hex_ptr.o ABSOLUTE
    ../clib/printf.c                         0x00000000   Number         0  _printf_hex_int_ptr.o ABSOLUTE
    ../clib/printf.c                         0x00000000   Number         0  _printf_hex_ll_ptr.o ABSOLUTE
    ../clib/printf.c                         0x00000000   Number         0  _printf_hex_int_ll_ptr.o ABSOLUTE
    ../clib/printf.c                         0x00000000   Number         0  __printf_flags.o ABSOLUTE
    ../clib/printf.c                         0x00000000   Number         0  __printf_ss.o ABSOLUTE
    ../clib/printf.c                         0x00000000   Number         0  __printf_flags_ss.o ABSOLUTE
    ../clib/printf.c                         0x00000000   Number         0  __printf_wp.o ABSOLUTE
    ../clib/printf.c                         0x00000000   Number         0  _printf_char_file.o ABSOLUTE
    ../clib/printf.c                         0x00000000   Number         0  __printf_nopercent.o ABSOLUTE
    ../clib/printf.c                         0x00000000   Number         0  _printf_fp_infnan.o ABSOLUTE
    ../clib/printf.c                         0x00000000   Number         0  _printf_hex_ll.o ABSOLUTE
    ../clib/printf.c                         0x00000000   Number         0  __2printf.o ABSOLUTE
    ../clib/printf.c                         0x00000000   Number         0  __2sprintf.o ABSOLUTE
    ../clib/printf.c                         0x00000000   Number         0  noretval__2printf.o ABSOLUTE
    ../clib/printf.c                         0x00000000   Number         0  noretval__2sprintf.o ABSOLUTE
    ../clib/printf.c                         0x00000000   Number         0  __printf.o ABSOLUTE
    ../clib/printf.c                         0x00000000   Number         0  _printf_pad.o ABSOLUTE
    ../clib/printf.c                         0x00000000   Number         0  _printf_dec.o ABSOLUTE
    ../clib/printf.c                         0x00000000   Number         0  _printf_hex_int.o ABSOLUTE
    ../clib/printf_percent.s                 0x00000000   Number         0  _printf_x.o ABSOLUTE
    ../clib/printf_percent.s                 0x00000000   Number         0  _printf_d.o ABSOLUTE
    ../clib/printf_percent.s                 0x00000000   Number         0  _printf_f.o ABSOLUTE
    ../clib/printf_percent.s                 0x00000000   Number         0  _printf_percent.o ABSOLUTE
    ../clib/printf_percent.s                 0x00000000   Number         0  _printf_percent_end.o ABSOLUTE
    ../clib/signal.c                         0x00000000   Number         0  defsig_other.o ABSOLUTE
    ../clib/signal.c                         0x00000000   Number         0  defsig_fpe_inner.o ABSOLUTE
    ../clib/signal.c                         0x00000000   Number         0  __raise.o ABSOLUTE
    ../clib/signal.c                         0x00000000   Number         0  defsig_cppl_inner.o ABSOLUTE
    ../clib/signal.c                         0x00000000   Number         0  defsig_general.o ABSOLUTE
    ../clib/signal.c                         0x00000000   Number         0  defsig_rtmem_formal.o ABSOLUTE
    ../clib/signal.c                         0x00000000   Number         0  defsig_abrt_inner.o ABSOLUTE
    ../clib/signal.c                         0x00000000   Number         0  defsig_fpe_outer.o ABSOLUTE
    ../clib/signal.c                         0x00000000   Number         0  defsig_segv_inner.o ABSOLUTE
    ../clib/signal.c                         0x00000000   Number         0  defsig_rtmem_outer.o ABSOLUTE
    ../clib/signal.c                         0x00000000   Number         0  defsig_pvfn_inner.o ABSOLUTE
    ../clib/signal.c                         0x00000000   Number         0  defsig_stak_inner.o ABSOLUTE
    ../clib/signal.c                         0x00000000   Number         0  defsig_rtmem_inner.o ABSOLUTE
    ../clib/signal.c                         0x00000000   Number         0  defsig_rtred_inner.o ABSOLUTE
    ../clib/signal.c                         0x00000000   Number         0  defsig_fpe_formal.o ABSOLUTE
    ../clib/signal.c                         0x00000000   Number         0  defsig_exit.o ABSOLUTE
    ../clib/signal.s                         0x00000000   Number         0  defsig.o ABSOLUTE
    ../clib/stdlib.c                         0x00000000   Number         0  exit.o ABSOLUTE
    ../clib/string.c                         0x00000000   Number         0  strcmp.o ABSOLUTE
    ../fplib/cfplib/cmpret.c                 0x00000000   Number         0  cmpret.o ABSOLUTE
    ../fplib/cfplib/daddsub.c                0x00000000   Number         0  daddsub.o ABSOLUTE
    ../fplib/cfplib/dcmpin.c                 0x00000000   Number         0  dcmpin.o ABSOLUTE
    ../fplib/cfplib/ddiv.c                   0x00000000   Number         0  ddiv.o ABSOLUTE
    ../fplib/cfplib/dmul.c                   0x00000000   Number         0  dmul.o ABSOLUTE
    ../fplib/cfplib/ffix.c                   0x00000000   Number         0  dfixi.o ABSOLUTE
    ../fplib/cfplib/fflt.c                   0x00000000   Number         0  dflti.o ABSOLUTE
    ../fplib/cfplib/fpinit.c                 0x00000000   Number         0  fpinit.o ABSOLUTE
    ../fplib/cfplib/ieee_status.c            0x00000000   Number         0  ieee_status.o ABSOLUTE
    ../fplib/cfplib/nan2.c                   0x00000000   Number         0  dnan2.o ABSOLUTE
    ../fplib/cfplib/retnan.c                 0x00000000   Number         0  retnan.o ABSOLUTE
    ../fplib/deqf6m.s                        0x00000000   Number         0  deqf.o ABSOLUTE
    ../fplib/dleqf6m.s                       0x00000000   Number         0  dlef.o ABSOLUTE
    ../fplib/drleqf6m.s                      0x00000000   Number         0  drlef.o ABSOLUTE
    ../fplib/printf1.s                       0x00000000   Number         0  printf1.o ABSOLUTE
    ../fplib/usenofp.s                       0x00000000   Number         0  usenofp.o ABSOLUTE
    ../mathlib/fpclassify.c                  0x00000000   Number         0  fpclassify.o ABSOLUTE
    C:\Keil_v5\ARM\PACK\Nuvoton\NuMicro_DFP\1.0.7\Device\NANO100BN\Driver\adc.c 0x00000000   Number         0  adc.o ABSOLUTE
    C:\Keil_v5\ARM\PACK\Nuvoton\NuMicro_DFP\1.0.7\Device\NANO100BN\Driver\clk.c 0x00000000   Number         0  clk.o ABSOLUTE
    C:\Keil_v5\ARM\PACK\Nuvoton\NuMicro_DFP\1.0.7\Device\NANO100BN\Driver\gpio.c 0x00000000   Number         0  gpio.o ABSOLUTE
    C:\Keil_v5\ARM\PACK\Nuvoton\NuMicro_DFP\1.0.7\Device\NANO100BN\Driver\i2c.c 0x00000000   Number         0  i2c.o ABSOLUTE
    C:\Keil_v5\ARM\PACK\Nuvoton\NuMicro_DFP\1.0.7\Device\NANO100BN\Driver\rtc.c 0x00000000   Number         0  rtc.o ABSOLUTE
    C:\Keil_v5\ARM\PACK\Nuvoton\NuMicro_DFP\1.0.7\Device\NANO100BN\Driver\spi.c 0x00000000   Number         0  spi.o ABSOLUTE
    C:\Keil_v5\ARM\PACK\Nuvoton\NuMicro_DFP\1.0.7\Device\NANO100BN\Driver\sys.c 0x00000000   Number         0  sys.o ABSOLUTE
    C:\Keil_v5\ARM\PACK\Nuvoton\NuMicro_DFP\1.0.7\Device\NANO100BN\Driver\timer.c 0x00000000   Number         0  timer.o ABSOLUTE
    C:\Keil_v5\ARM\PACK\Nuvoton\NuMicro_DFP\1.0.7\Device\NANO100BN\Driver\uart.c 0x00000000   Number         0  uart.o ABSOLUTE
    C:\\Keil_v5\\ARM\\PACK\\Nuvoton\\NuMicro_DFP\\1.0.7\\Device\\NANO100BN\\Driver\\adc.c 0x00000000   Number         0  adc.o ABSOLUTE
    C:\\Keil_v5\\ARM\\PACK\\Nuvoton\\NuMicro_DFP\\1.0.7\\Device\\NANO100BN\\Driver\\clk.c 0x00000000   Number         0  clk.o ABSOLUTE
    C:\\Keil_v5\\ARM\\PACK\\Nuvoton\\NuMicro_DFP\\1.0.7\\Device\\NANO100BN\\Driver\\gpio.c 0x00000000   Number         0  gpio.o ABSOLUTE
    C:\\Keil_v5\\ARM\\PACK\\Nuvoton\\NuMicro_DFP\\1.0.7\\Device\\NANO100BN\\Driver\\i2c.c 0x00000000   Number         0  i2c.o ABSOLUTE
    C:\\Keil_v5\\ARM\\PACK\\Nuvoton\\NuMicro_DFP\\1.0.7\\Device\\NANO100BN\\Driver\\rtc.c 0x00000000   Number         0  rtc.o ABSOLUTE
    C:\\Keil_v5\\ARM\\PACK\\Nuvoton\\NuMicro_DFP\\1.0.7\\Device\\NANO100BN\\Driver\\spi.c 0x00000000   Number         0  spi.o ABSOLUTE
    C:\\Keil_v5\\ARM\\PACK\\Nuvoton\\NuMicro_DFP\\1.0.7\\Device\\NANO100BN\\Driver\\sys.c 0x00000000   Number         0  sys.o ABSOLUTE
    C:\\Keil_v5\\ARM\\PACK\\Nuvoton\\NuMicro_DFP\\1.0.7\\Device\\NANO100BN\\Driver\\timer.c 0x00000000   Number         0  timer.o ABSOLUTE
    C:\\Keil_v5\\ARM\\PACK\\Nuvoton\\NuMicro_DFP\\1.0.7\\Device\\NANO100BN\\Driver\\uart.c 0x00000000   Number         0  uart.o ABSOLUTE
    LCD1602.c                                0x00000000   Number         0  lcd1602.o ABSOLUTE
    LCD1602.c                                0x00000000   Number         0  lcd1602.o ABSOLUTE
    RTE\Device\NANO130KE3BN\retarget.c       0x00000000   Number         0  retarget.o ABSOLUTE
    RTE\Device\NANO130KE3BN\startup_Nano100Series.s 0x00000000   Number         0  startup_nano100series.o ABSOLUTE
    RTE\Device\NANO130KE3BN\system_Nano100Series.c 0x00000000   Number         0  system_nano100series.o ABSOLUTE
    RTE\\Device\\NANO130KE3BN\\retarget.c    0x00000000   Number         0  retarget.o ABSOLUTE
    RTE\\Device\\NANO130KE3BN\\system_Nano100Series.c 0x00000000   Number         0  system_nano100series.o ABSOLUTE
    dc.s                                     0x00000000   Number         0  dc.o ABSOLUTE
    main.c                                   0x00000000   Number         0  main.o ABSOLUTE
    main.c                                   0x00000000   Number         0  main.o ABSOLUTE
    max30102.c                               0x00000000   Number         0  max30102.o ABSOLUTE
    max30102.c                               0x00000000   Number         0  max30102.o ABSOLUTE
    myi2c.c                                  0x00000000   Number         0  myi2c.o ABSOLUTE
    myi2c.c                                  0x00000000   Number         0  myi2c.o ABSOLUTE
    peak.c                                   0x00000000   Number         0  peak.o ABSOLUTE
    peak.c                                   0x00000000   Number         0  peak.o ABSOLUTE
    peak_SpO2.c                              0x00000000   Number         0  peak_spo2.o ABSOLUTE
    peak_SpO2.c                              0x00000000   Number         0  peak_spo2.o ABSOLUTE
    !!!main                                  0x000000c0   Section        8  __main.o(!!!main)
    !!!scatter                               0x000000c8   Section       60  __scatter.o(!!!scatter)
    !!handler_copy                           0x00000104   Section       26  __scatter_copy.o(!!handler_copy)
    !!handler_zi                             0x00000120   Section       28  __scatter_zi.o(!!handler_zi)
    .ARM.Collect$$_printf_percent$$00000000  0x0000013c   Section        2  _printf_percent.o(.ARM.Collect$$_printf_percent$$00000000)
    .ARM.Collect$$_printf_percent$$00000003  0x0000013e   Section       10  _printf_f.o(.ARM.Collect$$_printf_percent$$00000003)
    .ARM.Collect$$_printf_percent$$00000009  0x00000148   Section       10  _printf_d.o(.ARM.Collect$$_printf_percent$$00000009)
    .ARM.Collect$$_printf_percent$$0000000C  0x00000152   Section       10  _printf_x.o(.ARM.Collect$$_printf_percent$$0000000C)
    .ARM.Collect$$_printf_percent$$00000017  0x0000015c   Section        4  _printf_percent_end.o(.ARM.Collect$$_printf_percent$$00000017)
    .ARM.Collect$$libinit$$00000000          0x00000160   Section        2  libinit.o(.ARM.Collect$$libinit$$00000000)
    .ARM.Collect$$libinit$$00000002          0x00000162   Section        0  libinit2.o(.ARM.Collect$$libinit$$00000002)
    .ARM.Collect$$libinit$$00000004          0x00000162   Section        0  libinit2.o(.ARM.Collect$$libinit$$00000004)
    .ARM.Collect$$libinit$$0000000A          0x00000162   Section        0  libinit2.o(.ARM.Collect$$libinit$$0000000A)
    .ARM.Collect$$libinit$$0000000C          0x00000162   Section        0  libinit2.o(.ARM.Collect$$libinit$$0000000C)
    .ARM.Collect$$libinit$$0000000E          0x00000162   Section        0  libinit2.o(.ARM.Collect$$libinit$$0000000E)
    .ARM.Collect$$libinit$$0000000F          0x00000162   Section        6  libinit2.o(.ARM.Collect$$libinit$$0000000F)
    .ARM.Collect$$libinit$$00000011          0x00000168   Section        0  libinit2.o(.ARM.Collect$$libinit$$00000011)
    .ARM.Collect$$libinit$$00000013          0x00000168   Section        0  libinit2.o(.ARM.Collect$$libinit$$00000013)
    .ARM.Collect$$libinit$$00000015          0x00000168   Section        0  libinit2.o(.ARM.Collect$$libinit$$00000015)
    .ARM.Collect$$libinit$$00000016          0x00000168   Section       10  libinit2.o(.ARM.Collect$$libinit$$00000016)
    .ARM.Collect$$libinit$$00000017          0x00000172   Section        0  libinit2.o(.ARM.Collect$$libinit$$00000017)
    .ARM.Collect$$libinit$$00000019          0x00000172   Section        0  libinit2.o(.ARM.Collect$$libinit$$00000019)
    .ARM.Collect$$libinit$$0000001B          0x00000172   Section        0  libinit2.o(.ARM.Collect$$libinit$$0000001B)
    .ARM.Collect$$libinit$$0000001D          0x00000172   Section        0  libinit2.o(.ARM.Collect$$libinit$$0000001D)
    .ARM.Collect$$libinit$$0000001F          0x00000172   Section        0  libinit2.o(.ARM.Collect$$libinit$$0000001F)
    .ARM.Collect$$libinit$$00000021          0x00000172   Section        0  libinit2.o(.ARM.Collect$$libinit$$00000021)
    .ARM.Collect$$libinit$$00000023          0x00000172   Section        0  libinit2.o(.ARM.Collect$$libinit$$00000023)
    .ARM.Collect$$libinit$$00000025          0x00000172   Section        0  libinit2.o(.ARM.Collect$$libinit$$00000025)
    .ARM.Collect$$libinit$$0000002C          0x00000172   Section        0  libinit2.o(.ARM.Collect$$libinit$$0000002C)
    .ARM.Collect$$libinit$$0000002E          0x00000172   Section        0  libinit2.o(.ARM.Collect$$libinit$$0000002E)
    .ARM.Collect$$libinit$$00000030          0x00000172   Section        0  libinit2.o(.ARM.Collect$$libinit$$00000030)
    .ARM.Collect$$libinit$$00000032          0x00000172   Section        0  libinit2.o(.ARM.Collect$$libinit$$00000032)
    .ARM.Collect$$libinit$$00000033          0x00000172   Section        2  libinit2.o(.ARM.Collect$$libinit$$00000033)
    .ARM.Collect$$libshutdown$$00000000      0x00000174   Section        2  libshutdown.o(.ARM.Collect$$libshutdown$$00000000)
    .ARM.Collect$$libshutdown$$00000002      0x00000176   Section        0  libshutdown2.o(.ARM.Collect$$libshutdown$$00000002)
    .ARM.Collect$$libshutdown$$00000004      0x00000176   Section        0  libshutdown2.o(.ARM.Collect$$libshutdown$$00000004)
    .ARM.Collect$$libshutdown$$00000007      0x00000176   Section        0  libshutdown2.o(.ARM.Collect$$libshutdown$$00000007)
    .ARM.Collect$$libshutdown$$0000000A      0x00000176   Section        0  libshutdown2.o(.ARM.Collect$$libshutdown$$0000000A)
    .ARM.Collect$$libshutdown$$0000000C      0x00000176   Section        0  libshutdown2.o(.ARM.Collect$$libshutdown$$0000000C)
    .ARM.Collect$$libshutdown$$0000000F      0x00000176   Section        0  libshutdown2.o(.ARM.Collect$$libshutdown$$0000000F)
    .ARM.Collect$$libshutdown$$00000010      0x00000176   Section        2  libshutdown2.o(.ARM.Collect$$libshutdown$$00000010)
    .ARM.Collect$$rtentry$$00000000          0x00000178   Section        0  __rtentry.o(.ARM.Collect$$rtentry$$00000000)
    .ARM.Collect$$rtentry$$00000002          0x00000178   Section        0  __rtentry2.o(.ARM.Collect$$rtentry$$00000002)
    .ARM.Collect$$rtentry$$00000004          0x00000178   Section        6  __rtentry4.o(.ARM.Collect$$rtentry$$00000004)
    .ARM.Collect$$rtentry$$00000009          0x0000017e   Section        0  __rtentry2.o(.ARM.Collect$$rtentry$$00000009)
    .ARM.Collect$$rtentry$$0000000A          0x0000017e   Section        4  __rtentry2.o(.ARM.Collect$$rtentry$$0000000A)
    .ARM.Collect$$rtentry$$0000000C          0x00000182   Section        0  __rtentry2.o(.ARM.Collect$$rtentry$$0000000C)
    .ARM.Collect$$rtentry$$0000000D          0x00000182   Section        8  __rtentry2.o(.ARM.Collect$$rtentry$$0000000D)
    .ARM.Collect$$rtexit$$00000000           0x0000018a   Section        2  rtexit.o(.ARM.Collect$$rtexit$$00000000)
    .ARM.Collect$$rtexit$$00000002           0x0000018c   Section        0  rtexit2.o(.ARM.Collect$$rtexit$$00000002)
    .ARM.Collect$$rtexit$$00000003           0x0000018c   Section        4  rtexit2.o(.ARM.Collect$$rtexit$$00000003)
    .ARM.Collect$$rtexit$$00000004           0x00000190   Section        6  rtexit2.o(.ARM.Collect$$rtexit$$00000004)
    .emb_text                                0x00000198   Section       28  retarget.o(.emb_text)
    .text                                    0x000001b4   Section       96  startup_nano100series.o(.text)
    .text                                    0x00000214   Section        0  noretval__2printf.o(.text)
    .text                                    0x00000230   Section        0  noretval__2sprintf.o(.text)
    .text                                    0x00000258   Section        0  _printf_pad.o(.text)
    .text                                    0x000002a8   Section        0  _printf_dec.o(.text)
    .text                                    0x00000314   Section        0  _printf_hex_int.o(.text)
    .text                                    0x0000036c   Section        0  __printf_flags_wp.o(.text)
    .text                                    0x000004a4   Section      346  aeabi_sdiv.o(.text)
    .text                                    0x000005fe   Section        0  heapauxi.o(.text)
    .text                                    0x00000604   Section        0  daddsub.o(.text)
    _dadd1                                   0x00000605   Thumb Code   290  daddsub.o(.text)
    _dsub1                                   0x00000727   Thumb Code   470  daddsub.o(.text)
    .text                                    0x0000095c   Section        0  ddiv.o(.text)
    .text                                    0x00000da4   Section        0  dfixi.o(.text)
    .text                                    0x00000e10   Section        0  dflti.o(.text)
    .text                                    0x00000e68   Section        0  dmul.o(.text)
    .text                                    0x000010b0   Section        0  _printf_intcommon.o(.text)
    .text                                    0x00001160   Section        0  _printf_fp_dec.o(.text)
    _fp_digits                               0x00001163   Thumb Code   408  _printf_fp_dec.o(.text)
    .text                                    0x00001574   Section        0  _printf_char_common.o(.text)
    _printf_input_char                       0x00001575   Thumb Code    10  _printf_char_common.o(.text)
    .text                                    0x000015a4   Section        0  _sputc.o(.text)
    .text                                    0x000015b0   Section        0  _printf_char_file.o(.text)
    .text                                    0x000015d8   Section        0  rtudiv10.o(.text)
    .text                                    0x00001600   Section        0  dcmpin.o(.text)
    .text                                    0x00001690   Section        8  rt_locale_intlibspace.o(.text)
    .text                                    0x00001698   Section        0  lludiv10.o(.text)
    .text                                    0x00001714   Section        0  _printf_fp_infnan.o(.text)
    .text                                    0x0000179c   Section        0  bigflt0.o(.text)
    .text                                    0x00001864   Section        0  btod.o(.text)
    btod_internal_mul                        0x000018a5   Thumb Code   456  btod.o(.text)
    btod_internal_div                        0x00001a6d   Thumb Code   494  btod.o(.text)
    .text                                    0x00001d0c   Section        0  cmpret.o(.text)
    .text                                    0x00001d3c   Section        0  dnan2.o(.text)
    .text                                    0x00001d50   Section        8  libspace.o(.text)
    .text                                    0x00001d58   Section       62  sys_stackheap_outer.o(.text)
    .text                                    0x00001d96   Section        0  exit.o(.text)
    .text                                    0x00001da8   Section        0  strcmp.o(.text)
    .text                                    0x00001e30   Section        0  retnan.o(.text)
    .text                                    0x00001e90   Section        0  sys_exit.o(.text)
    .text                                    0x00001e9c   Section        2  use_no_semi.o(.text)
    .text                                    0x00001e9e   Section        0  indicate_semi.o(.text)
    i.ADC_IRQHandler                         0x00001ea0   Section        0  main.o(i.ADC_IRQHandler)
    i.CLK_EnableModuleClock                  0x00001ee8   Section        0  clk.o(i.CLK_EnableModuleClock)
    i.CLK_EnableXtalRC                       0x00001f0c   Section        0  clk.o(i.CLK_EnableXtalRC)
    i.CLK_SetHCLK                            0x00001f58   Section        0  clk.o(i.CLK_SetHCLK)
    i.CLK_SetModuleClock                     0x00001fbc   Section        0  clk.o(i.CLK_SetModuleClock)
    i.CLK_WaitClockReady                     0x00002020   Section        0  clk.o(i.CLK_WaitClockReady)
    i.GPIO_SetMode                           0x00002048   Section        0  gpio.o(i.GPIO_SetMode)
    i.Hard_Fault_Handler                     0x00002078   Section        0  retarget.o(i.Hard_Fault_Handler)
    __tagsym$$used                           0x00002079   Number         0  retarget.o(i.Hard_Fault_Handler)
    i.NVIC_EnableIRQ                         0x000020a4   Section        0  main.o(i.NVIC_EnableIRQ)
    NVIC_EnableIRQ                           0x000020a5   Thumb Code    14  main.o(i.NVIC_EnableIRQ)
    i.NVIC_SetPriority                       0x000020b8   Section        0  main.o(i.NVIC_SetPriority)
    NVIC_SetPriority                         0x000020b9   Thumb Code   110  main.o(i.NVIC_SetPriority)
    i.SYS_LockReg                            0x00002130   Section        0  main.o(i.SYS_LockReg)
    SYS_LockReg                              0x00002131   Thumb Code     8  main.o(i.SYS_LockReg)
    i.SYS_UnlockReg                          0x0000213c   Section        0  main.o(i.SYS_UnlockReg)
    SYS_UnlockReg                            0x0000213d   Thumb Code    26  main.o(i.SYS_UnlockReg)
    i.SendChar                               0x0000215c   Section        0  retarget.o(i.SendChar)
    i.SendChar_ToUART                        0x00002168   Section        0  retarget.o(i.SendChar_ToUART)
    i.SysGet_HCLKFreq                        0x00002184   Section        0  system_nano100series.o(i.SysGet_HCLKFreq)
    i.SysGet_PLLClockFreq                    0x000021d4   Section        0  system_nano100series.o(i.SysGet_PLLClockFreq)
    i.SysTick_Config                         0x00002254   Section        0  main.o(i.SysTick_Config)
    SysTick_Config                           0x00002255   Thumb Code    44  main.o(i.SysTick_Config)
    i.SysTick_Handler                        0x00002288   Section        0  main.o(i.SysTick_Handler)
    i.SystemCoreClockUpdate                  0x00002298   Section        0  system_nano100series.o(i.SystemCoreClockUpdate)
    i.TIMER_GetModuleClock                   0x000022c4   Section        0  timer.o(i.TIMER_GetModuleClock)
    i.TIMER_Open                             0x00002344   Section        0  timer.o(i.TIMER_Open)
    i.TMR1_IRQHandler                        0x000023ac   Section        0  main.o(i.TMR1_IRQHandler)
    i.UART0_IRQHandler                       0x000023c4   Section        0  main.o(i.UART0_IRQHandler)
    i.UART1_IRQHandler                       0x000023d8   Section        0  main.o(i.UART1_IRQHandler)
    i.UART_Open                              0x00002458   Section        0  uart.o(i.UART_Open)
    i.__ARM_common_ll_muluu                  0x000024f8   Section        0  timer.o(i.__ARM_common_ll_muluu)
    i.__ARM_fpclassify                       0x00002528   Section        0  fpclassify.o(i.__ARM_fpclassify)
    i._is_digit                              0x00002554   Section        0  __printf_wp.o(i._is_digit)
    i.cmp_str                                0x00002562   Section        0  main.o(i.cmp_str)
    i.delay                                  0x00002582   Section        0  lcd1602.o(i.delay)
    delay                                    0x00002583   Thumb Code    12  lcd1602.o(i.delay)
    i.delay                                  0x0000258e   Section        0  myi2c.o(i.delay)
    delay                                    0x0000258f   Thumb Code    12  myi2c.o(i.delay)
    i.delay_ms                               0x0000259c   Section        0  main.o(i.delay_ms)
    i.ferror                                 0x000025b4   Section        0  retarget.o(i.ferror)
    i.fputc                                  0x000025bc   Section        0  retarget.o(i.fputc)
    i.i2c_read                               0x000025cc   Section        0  myi2c.o(i.i2c_read)
    i.i2c_scan                               0x00002750   Section        0  myi2c.o(i.i2c_scan)
    i.i2c_start                              0x0000277c   Section        0  myi2c.o(i.i2c_start)
    i.i2c_stop                               0x000027e0   Section        0  myi2c.o(i.i2c_stop)
    i.i2c_write                              0x0000280c   Section        0  myi2c.o(i.i2c_write)
    i.init_HCLK                              0x00002948   Section        0  main.o(i.init_HCLK)
    i.init_TIMER1                            0x00002968   Section        0  main.o(i.init_TIMER1)
    i.init_UART0                             0x000029e0   Section        0  main.o(i.init_UART0)
    i.init_systick                           0x00002a5c   Section        0  main.o(i.init_systick)
    i.lcd_cmd                                0x00002a78   Section        0  lcd1602.o(i.lcd_cmd)
    i.lcd_init                               0x00002ab4   Section        0  lcd1602.o(i.lcd_init)
    i.lcd_print                              0x00002b60   Section        0  lcd1602.o(i.lcd_print)
    i.lcd_put                                0x00002b84   Section        0  lcd1602.o(i.lcd_put)
    i.main                                   0x00002bc4   Section        0  main.o(i.main)
    i.max30102_init                          0x00002c68   Section        0  max30102.o(i.max30102_init)
    i.max30102_read_HR                       0x00002da8   Section        0  max30102.o(i.max30102_read_HR)
    i.peak2                                  0x00002fa0   Section        0  peak.o(i.peak2)
    i.peak3                                  0x00003134   Section        0  peak_spo2.o(i.peak3)
    i.peak_init                              0x000032c8   Section        0  peak.o(i.peak_init)
    i.readFifo                               0x000032fc   Section        0  max30102.o(i.readFifo)
    i.readReg                                0x00003386   Section        0  max30102.o(i.readReg)
    i.stackDump                              0x000033b4   Section        0  retarget.o(i.stackDump)
    i.writeReg                               0x0000345c   Section        0  max30102.o(i.writeReg)
    locale$$code                             0x00003480   Section       44  lc_numeric_c.o(locale$$code)
    x$fpl$deqf                               0x000034ac   Section      100  deqf.o(x$fpl$deqf)
    x$fpl$dleqf                              0x00003510   Section      100  dlef.o(x$fpl$dleqf)
    x$fpl$drleqf                             0x00003574   Section      104  drlef.o(x$fpl$drleqf)
    x$fpl$printf1                            0x000035dc   Section       16  printf1.o(x$fpl$printf1)
    .constdata                               0x000035ec   Section       15  main.o(.constdata)
    x$fpl$usenofp                            0x000035ec   Section        0  usenofp.o(x$fpl$usenofp)
    .constdata                               0x000035fc   Section       16  timer.o(.constdata)
    .constdata                               0x0000360c   Section       48  uart.o(.constdata)
    .constdata                               0x0000363c   Section       40  _printf_hex_int.o(.constdata)
    uc_hextab                                0x0000363c   Data          20  _printf_hex_int.o(.constdata)
    lc_hextab                                0x00003650   Data          20  _printf_hex_int.o(.constdata)
    .constdata                               0x00003664   Section       17  __printf_flags_wp.o(.constdata)
    maptable                                 0x00003664   Data          17  __printf_flags_wp.o(.constdata)
    .constdata                               0x00003675   Section      128  ddiv.o(.constdata)
    ddiv_reciptbl                            0x00003675   Data         128  ddiv.o(.constdata)
    .constdata                               0x000036f8   Section      148  bigflt0.o(.constdata)
    tenpwrs_x                                0x000036f8   Data          60  bigflt0.o(.constdata)
    tenpwrs_i                                0x00003734   Data          64  bigflt0.o(.constdata)
    locale$$data                             0x000037ac   Section       28  lc_numeric_c.o(locale$$data)
    __lcnum_c_name                           0x000037b0   Data           2  lc_numeric_c.o(locale$$data)
    __lcnum_c_start                          0x000037b8   Data           0  lc_numeric_c.o(locale$$data)
    __lcnum_c_point                          0x000037c4   Data           0  lc_numeric_c.o(locale$$data)
    __lcnum_c_thousands                      0x000037c6   Data           0  lc_numeric_c.o(locale$$data)
    __lcnum_c_grouping                       0x000037c7   Data           0  lc_numeric_c.o(locale$$data)
    __lcnum_c_end                            0x000037c8   Data           0  lc_numeric_c.o(locale$$data)
    .data                                    0x20000000   Section       60  main.o(.data)
    .data                                    0x20000040   Section       32  max30102.o(.data)
    .data                                    0x20000060   Section       38  peak.o(.data)
    .data                                    0x20000088   Section       78  peak_spo2.o(.data)
    .data                                    0x200000d8   Section        8  retarget.o(.data)
    .data                                    0x200000e0   Section        8  system_nano100series.o(.data)
    .bss                                     0x200000e8   Section      544  main.o(.bss)
    .bss                                     0x20000308   Section      400  peak.o(.bss)
    .bss                                     0x20000498   Section      800  peak_spo2.o(.bss)
    .bss                                     0x200007b8   Section       96  libspace.o(.bss)
    HEAP                                     0x20000818   Section     1280  startup_nano100series.o(HEAP)
    Heap_Mem                                 0x20000818   Data        1280  startup_nano100series.o(HEAP)
    STACK                                    0x20000d18   Section     1280  startup_nano100series.o(STACK)
    Stack_Mem                                0x20000d18   Data        1280  startup_nano100series.o(STACK)
    __initial_sp                             0x20001218   Data           0  startup_nano100series.o(STACK)

    Global Symbols

    Symbol Name                              Value     Ov Type        Size  Object(Section)

    BuildAttributes$$THM_ISAv3M$S$PE$A:L22$X:L11$S22$IEEE1$IW$USESV6$~STKCKD$USESV7$~SHL$OTIME$ROPI$IEEEJ$EBA8$UX$STANDARDLIB$REQ8$PRES8$EABIv2 0x00000000   Number         0  anon$$obj.o ABSOLUTE
    __ARM_use_no_argv                        0x00000000   Number         0  main.o ABSOLUTE
    __Vectors                                0x00000000   Data           4  startup_nano100series.o(RESET)
    _printf_flags                            0x00000000   Number         0  printf_stubs.o ABSOLUTE
    _printf_return_value                     0x00000000   Number         0  printf_stubs.o ABSOLUTE
    _printf_sizespec                         0x00000000   Number         0  printf_stubs.o ABSOLUTE
    _printf_widthprec                        0x00000000   Number         0  printf_stubs.o ABSOLUTE
    __ARM_exceptions_init                     - Undefined Weak Reference
    __alloca_initialize                       - Undefined Weak Reference
    __arm_preinit_                            - Undefined Weak Reference
    __cpp_initialize__aeabi_                  - Undefined Weak Reference
    __cxa_finalize                            - Undefined Weak Reference
    __sigvec_lookup                           - Undefined Weak Reference
    _atexit_init                              - Undefined Weak Reference
    _call_atexit_fns                          - Undefined Weak Reference
    _clock_init                               - Undefined Weak Reference
    _fp_trap_init                             - Undefined Weak Reference
    _fp_trap_shutdown                         - Undefined Weak Reference
    _get_lc_collate                           - Undefined Weak Reference
    _get_lc_ctype                             - Undefined Weak Reference
    _get_lc_monetary                          - Undefined Weak Reference
    _get_lc_time                              - Undefined Weak Reference
    _getenv_init                              - Undefined Weak Reference
    _handle_redirection                       - Undefined Weak Reference
    _init_alloc                               - Undefined Weak Reference
    _init_user_alloc                          - Undefined Weak Reference
    _initio                                   - Undefined Weak Reference
    _printf_truncate_signed                   - Undefined Weak Reference
    _printf_truncate_unsigned                 - Undefined Weak Reference
    _rand_init                                - Undefined Weak Reference
    _signal_finish                            - Undefined Weak Reference
    _signal_init                              - Undefined Weak Reference
    _terminate_alloc                          - Undefined Weak Reference
    _terminate_user_alloc                     - Undefined Weak Reference
    _terminateio                              - Undefined Weak Reference
    __main                                   0x000000c1   Thumb Code     8  __main.o(!!!main)
    __scatterload                            0x000000c9   Thumb Code     0  __scatter.o(!!!scatter)
    __scatterload_rt2                        0x000000c9   Thumb Code    52  __scatter.o(!!!scatter)
    __scatterload_rt2_thumb_only             0x000000c9   Thumb Code     0  __scatter.o(!!!scatter)
    __scatterload_null                       0x000000d9   Thumb Code     0  __scatter.o(!!!scatter)
    __scatterload_copy                       0x00000105   Thumb Code    26  __scatter_copy.o(!!handler_copy)
    __scatterload_zeroinit                   0x00000121   Thumb Code    28  __scatter_zi.o(!!handler_zi)
    _printf_percent                          0x0000013d   Thumb Code     0  _printf_percent.o(.ARM.Collect$$_printf_percent$$00000000)
    _printf_f                                0x0000013f   Thumb Code     0  _printf_f.o(.ARM.Collect$$_printf_percent$$00000003)
    _printf_d                                0x00000149   Thumb Code     0  _printf_d.o(.ARM.Collect$$_printf_percent$$00000009)
    _printf_x                                0x00000153   Thumb Code     0  _printf_x.o(.ARM.Collect$$_printf_percent$$0000000C)
    _printf_percent_end                      0x0000015d   Thumb Code     0  _printf_percent_end.o(.ARM.Collect$$_printf_percent$$00000017)
    __rt_lib_init                            0x00000161   Thumb Code     0  libinit.o(.ARM.Collect$$libinit$$00000000)
    __rt_lib_init_fp_1                       0x00000163   Thumb Code     0  libinit2.o(.ARM.Collect$$libinit$$00000002)
    __rt_lib_init_heap_1                     0x00000163   Thumb Code     0  libinit2.o(.ARM.Collect$$libinit$$0000000A)
    __rt_lib_init_lc_common                  0x00000163   Thumb Code     0  libinit2.o(.ARM.Collect$$libinit$$0000000F)
    __rt_lib_init_preinit_1                  0x00000163   Thumb Code     0  libinit2.o(.ARM.Collect$$libinit$$00000004)
    __rt_lib_init_rand_1                     0x00000163   Thumb Code     0  libinit2.o(.ARM.Collect$$libinit$$0000000E)
    __rt_lib_init_user_alloc_1               0x00000163   Thumb Code     0  libinit2.o(.ARM.Collect$$libinit$$0000000C)
    __rt_lib_init_lc_collate_1               0x00000169   Thumb Code     0  libinit2.o(.ARM.Collect$$libinit$$00000011)
    __rt_lib_init_lc_ctype_1                 0x00000169   Thumb Code     0  libinit2.o(.ARM.Collect$$libinit$$00000013)
    __rt_lib_init_lc_monetary_1              0x00000169   Thumb Code     0  libinit2.o(.ARM.Collect$$libinit$$00000015)
    __rt_lib_init_lc_numeric_2               0x00000169   Thumb Code     0  libinit2.o(.ARM.Collect$$libinit$$00000016)
    __rt_lib_init_alloca_1                   0x00000173   Thumb Code     0  libinit2.o(.ARM.Collect$$libinit$$0000002E)
    __rt_lib_init_argv_1                     0x00000173   Thumb Code     0  libinit2.o(.ARM.Collect$$libinit$$0000002C)
    __rt_lib_init_atexit_1                   0x00000173   Thumb Code     0  libinit2.o(.ARM.Collect$$libinit$$0000001B)
    __rt_lib_init_clock_1                    0x00000173   Thumb Code     0  libinit2.o(.ARM.Collect$$libinit$$00000021)
    __rt_lib_init_cpp_1                      0x00000173   Thumb Code     0  libinit2.o(.ARM.Collect$$libinit$$00000032)
    __rt_lib_init_exceptions_1               0x00000173   Thumb Code     0  libinit2.o(.ARM.Collect$$libinit$$00000030)
    __rt_lib_init_fp_trap_1                  0x00000173   Thumb Code     0  libinit2.o(.ARM.Collect$$libinit$$0000001F)
    __rt_lib_init_getenv_1                   0x00000173   Thumb Code     0  libinit2.o(.ARM.Collect$$libinit$$00000023)
    __rt_lib_init_lc_numeric_1               0x00000173   Thumb Code     0  libinit2.o(.ARM.Collect$$libinit$$00000017)
    __rt_lib_init_lc_time_1                  0x00000173   Thumb Code     0  libinit2.o(.ARM.Collect$$libinit$$00000019)
    __rt_lib_init_return                     0x00000173   Thumb Code     0  libinit2.o(.ARM.Collect$$libinit$$00000033)
    __rt_lib_init_signal_1                   0x00000173   Thumb Code     0  libinit2.o(.ARM.Collect$$libinit$$0000001D)
    __rt_lib_init_stdio_1                    0x00000173   Thumb Code     0  libinit2.o(.ARM.Collect$$libinit$$00000025)
    __rt_lib_shutdown                        0x00000175   Thumb Code     0  libshutdown.o(.ARM.Collect$$libshutdown$$00000000)
    __rt_lib_shutdown_cpp_1                  0x00000177   Thumb Code     0  libshutdown2.o(.ARM.Collect$$libshutdown$$00000002)
    __rt_lib_shutdown_fp_trap_1              0x00000177   Thumb Code     0  libshutdown2.o(.ARM.Collect$$libshutdown$$00000007)
    __rt_lib_shutdown_heap_1                 0x00000177   Thumb Code     0  libshutdown2.o(.ARM.Collect$$libshutdown$$0000000F)
    __rt_lib_shutdown_return                 0x00000177   Thumb Code     0  libshutdown2.o(.ARM.Collect$$libshutdown$$00000010)
    __rt_lib_shutdown_signal_1               0x00000177   Thumb Code     0  libshutdown2.o(.ARM.Collect$$libshutdown$$0000000A)
    __rt_lib_shutdown_stdio_1                0x00000177   Thumb Code     0  libshutdown2.o(.ARM.Collect$$libshutdown$$00000004)
    __rt_lib_shutdown_user_alloc_1           0x00000177   Thumb Code     0  libshutdown2.o(.ARM.Collect$$libshutdown$$0000000C)
    __rt_entry                               0x00000179   Thumb Code     0  __rtentry.o(.ARM.Collect$$rtentry$$00000000)
    __rt_entry_presh_1                       0x00000179   Thumb Code     0  __rtentry2.o(.ARM.Collect$$rtentry$$00000002)
    __rt_entry_sh                            0x00000179   Thumb Code     0  __rtentry4.o(.ARM.Collect$$rtentry$$00000004)
    __rt_entry_li                            0x0000017f   Thumb Code     0  __rtentry2.o(.ARM.Collect$$rtentry$$0000000A)
    __rt_entry_postsh_1                      0x0000017f   Thumb Code     0  __rtentry2.o(.ARM.Collect$$rtentry$$00000009)
    __rt_entry_main                          0x00000183   Thumb Code     0  __rtentry2.o(.ARM.Collect$$rtentry$$0000000D)
    __rt_entry_postli_1                      0x00000183   Thumb Code     0  __rtentry2.o(.ARM.Collect$$rtentry$$0000000C)
    __rt_exit                                0x0000018b   Thumb Code     0  rtexit.o(.ARM.Collect$$rtexit$$00000000)
    __rt_exit_ls                             0x0000018d   Thumb Code     0  rtexit2.o(.ARM.Collect$$rtexit$$00000003)
    __rt_exit_prels_1                        0x0000018d   Thumb Code     0  rtexit2.o(.ARM.Collect$$rtexit$$00000002)
    __rt_exit_exit                           0x00000191   Thumb Code     0  rtexit2.o(.ARM.Collect$$rtexit$$00000004)
    HardFault_Handler                        0x00000199   Thumb Code    24  retarget.o(.emb_text)
    Reset_Handler                            0x000001b5   Thumb Code    28  startup_nano100series.o(.text)
    NMI_Handler                              0x000001d1   Thumb Code     2  startup_nano100series.o(.text)
    SVC_Handler                              0x000001d5   Thumb Code     2  startup_nano100series.o(.text)
    PendSV_Handler                           0x000001d7   Thumb Code     2  startup_nano100series.o(.text)
    BOD_IRQHandler                           0x000001db   Thumb Code     0  startup_nano100series.o(.text)
    DAC_IRQHandler                           0x000001db   Thumb Code     0  startup_nano100series.o(.text)
    EINT0_IRQHandler                         0x000001db   Thumb Code     0  startup_nano100series.o(.text)
    EINT1_IRQHandler                         0x000001db   Thumb Code     0  startup_nano100series.o(.text)
    GPABC_IRQHandler                         0x000001db   Thumb Code     0  startup_nano100series.o(.text)
    GPDEF_IRQHandler                         0x000001db   Thumb Code     0  startup_nano100series.o(.text)
    HIRC_IRQHandler                          0x000001db   Thumb Code     0  startup_nano100series.o(.text)
    I2C0_IRQHandler                          0x000001db   Thumb Code     0  startup_nano100series.o(.text)
    I2C1_IRQHandler                          0x000001db   Thumb Code     0  startup_nano100series.o(.text)
    I2S_IRQHandler                           0x000001db   Thumb Code     0  startup_nano100series.o(.text)
    LCD_IRQHandler                           0x000001db   Thumb Code     0  startup_nano100series.o(.text)
    PDMA_IRQHandler                          0x000001db   Thumb Code     0  startup_nano100series.o(.text)
    PDWU_IRQHandler                          0x000001db   Thumb Code     0  startup_nano100series.o(.text)
    PWM0_IRQHandler                          0x000001db   Thumb Code     0  startup_nano100series.o(.text)
    PWM1_IRQHandler                          0x000001db   Thumb Code     0  startup_nano100series.o(.text)
    RTC_IRQHandler                           0x000001db   Thumb Code     0  startup_nano100series.o(.text)
    SC0_IRQHandler                           0x000001db   Thumb Code     0  startup_nano100series.o(.text)
    SC1_IRQHandler                           0x000001db   Thumb Code     0  startup_nano100series.o(.text)
    SC2_IRQHandler                           0x000001db   Thumb Code     0  startup_nano100series.o(.text)
    SPI0_IRQHandler                          0x000001db   Thumb Code     0  startup_nano100series.o(.text)
    SPI1_IRQHandler                          0x000001db   Thumb Code     0  startup_nano100series.o(.text)
    SPI2_IRQHandler                          0x000001db   Thumb Code     0  startup_nano100series.o(.text)
    TMR0_IRQHandler                          0x000001db   Thumb Code     0  startup_nano100series.o(.text)
    TMR2_IRQHandler                          0x000001db   Thumb Code     0  startup_nano100series.o(.text)
    TMR3_IRQHandler                          0x000001db   Thumb Code     0  startup_nano100series.o(.text)
    USBD_IRQHandler                          0x000001db   Thumb Code     0  startup_nano100series.o(.text)
    WDT_IRQHandler                           0x000001db   Thumb Code     0  startup_nano100series.o(.text)
    __user_initial_stackheap                 0x000001dd   Thumb Code     0  startup_nano100series.o(.text)
    __2printf                                0x00000215   Thumb Code    22  noretval__2printf.o(.text)
    __2sprintf                               0x00000231   Thumb Code    36  noretval__2sprintf.o(.text)
    _printf_pre_padding                      0x00000259   Thumb Code    44  _printf_pad.o(.text)
    _printf_post_padding                     0x00000285   Thumb Code    34  _printf_pad.o(.text)
    _printf_int_dec                          0x000002a9   Thumb Code    90  _printf_dec.o(.text)
    _printf_int_hex                          0x00000315   Thumb Code    84  _printf_hex_int.o(.text)
    _printf_longlong_hex                     0x00000315   Thumb Code     0  _printf_hex_int.o(.text)
    __printf                                 0x0000036d   Thumb Code   306  __printf_flags_wp.o(.text)
    __aeabi_uidiv                            0x000004a5   Thumb Code     0  aeabi_sdiv.o(.text)
    __aeabi_uidivmod                         0x000004a5   Thumb Code    20  aeabi_sdiv.o(.text)
    __aeabi_idiv                             0x000004b9   Thumb Code     0  aeabi_sdiv.o(.text)
    __aeabi_idivmod                          0x000004b9   Thumb Code   326  aeabi_sdiv.o(.text)
    __use_two_region_memory                  0x000005ff   Thumb Code     2  heapauxi.o(.text)
    __rt_heap_escrow$2region                 0x00000601   Thumb Code     2  heapauxi.o(.text)
    __rt_heap_expand$2region                 0x00000603   Thumb Code     2  heapauxi.o(.text)
    __aeabi_dadd                             0x000008fd   Thumb Code     0  daddsub.o(.text)
    _dadd                                    0x000008fd   Thumb Code    26  daddsub.o(.text)
    __aeabi_dsub                             0x00000917   Thumb Code     0  daddsub.o(.text)
    _dsub                                    0x00000917   Thumb Code    22  daddsub.o(.text)
    __aeabi_drsub                            0x0000092d   Thumb Code     0  daddsub.o(.text)
    _drsb                                    0x0000092d   Thumb Code    28  daddsub.o(.text)
    __aeabi_ddiv                             0x0000095d   Thumb Code     0  ddiv.o(.text)
    _ddiv                                    0x0000095d   Thumb Code  1072  ddiv.o(.text)
    _drdiv                                   0x00000d8d   Thumb Code    20  ddiv.o(.text)
    __aeabi_d2iz                             0x00000da5   Thumb Code     0  dfixi.o(.text)
    _dfix                                    0x00000da5   Thumb Code    98  dfixi.o(.text)
    __aeabi_i2d_normalise                    0x00000e11   Thumb Code    66  dflti.o(.text)
    __aeabi_i2d                              0x00000e53   Thumb Code    16  dflti.o(.text)
    _dflt                                    0x00000e53   Thumb Code     0  dflti.o(.text)
    __aeabi_ui2d                             0x00000e63   Thumb Code     6  dflti.o(.text)
    _dfltu                                   0x00000e63   Thumb Code     0  dflti.o(.text)
    __aeabi_dmul                             0x00000e69   Thumb Code     0  dmul.o(.text)
    _dmul                                    0x00000e69   Thumb Code   558  dmul.o(.text)
    _printf_int_common                       0x000010b1   Thumb Code   176  _printf_intcommon.o(.text)
    __lib_sel_fp_printf                      0x00001161   Thumb Code     2  _printf_fp_dec.o(.text)
    _printf_fp_dec_real                      0x000012fb   Thumb Code   620  _printf_fp_dec.o(.text)
    _printf_char_common                      0x0000157f   Thumb Code    32  _printf_char_common.o(.text)
    _sputc                                   0x000015a5   Thumb Code    10  _sputc.o(.text)
    _printf_char_file                        0x000015b1   Thumb Code    34  _printf_char_file.o(.text)
    __rt_udiv10                              0x000015d9   Thumb Code    40  rtudiv10.o(.text)
    __fpl_dcmp_InfNaN                        0x00001601   Thumb Code   140  dcmpin.o(.text)
    __rt_locale                              0x00001691   Thumb Code     8  rt_locale_intlibspace.o(.text)
    _ll_udiv10                               0x00001699   Thumb Code   122  lludiv10.o(.text)
    _printf_fp_infnan                        0x00001715   Thumb Code   120  _printf_fp_infnan.o(.text)
    _btod_etento                             0x0000179d   Thumb Code   196  bigflt0.o(.text)
    _btod_d2e                                0x00001865   Thumb Code    64  btod.o(.text)
    _btod_emul                               0x00001c5b   Thumb Code    24  btod.o(.text)
    _btod_emuld                              0x00001c73   Thumb Code    60  btod.o(.text)
    _btod_ediv                               0x00001caf   Thumb Code    22  btod.o(.text)
    _btod_edivd                              0x00001cc5   Thumb Code    60  btod.o(.text)
    __fpl_cmpreturn                          0x00001d0d   Thumb Code    46  cmpret.o(.text)
    __fpl_dcheck_NaN2                        0x00001d3d   Thumb Code    14  dnan2.o(.text)
    __user_libspace                          0x00001d51   Thumb Code     8  libspace.o(.text)
    __user_perproc_libspace                  0x00001d51   Thumb Code     0  libspace.o(.text)
    __user_perthread_libspace                0x00001d51   Thumb Code     0  libspace.o(.text)
    __user_setup_stackheap                   0x00001d59   Thumb Code    62  sys_stackheap_outer.o(.text)
    exit                                     0x00001d97   Thumb Code    16  exit.o(.text)
    strcmp                                   0x00001da9   Thumb Code   132  strcmp.o(.text)
    __fpl_return_NaN                         0x00001e31   Thumb Code    94  retnan.o(.text)
    _sys_exit                                0x00001e91   Thumb Code     8  sys_exit.o(.text)
    __I$use$semihosting                      0x00001e9d   Thumb Code     0  use_no_semi.o(.text)
    __use_no_semihosting_swi                 0x00001e9d   Thumb Code     2  use_no_semi.o(.text)
    __semihosting_library_function           0x00001e9f   Thumb Code     0  indicate_semi.o(.text)
    ADC_IRQHandler                           0x00001ea1   Thumb Code    60  main.o(i.ADC_IRQHandler)
    CLK_EnableModuleClock                    0x00001ee9   Thumb Code    32  clk.o(i.CLK_EnableModuleClock)
    CLK_EnableXtalRC                         0x00001f0d   Thumb Code    72  clk.o(i.CLK_EnableXtalRC)
    CLK_SetHCLK                              0x00001f59   Thumb Code    94  clk.o(i.CLK_SetHCLK)
    CLK_SetModuleClock                       0x00001fbd   Thumb Code    94  clk.o(i.CLK_SetModuleClock)
    CLK_WaitClockReady                       0x00002021   Thumb Code    32  clk.o(i.CLK_WaitClockReady)
    GPIO_SetMode                             0x00002049   Thumb Code    46  gpio.o(i.GPIO_SetMode)
    Hard_Fault_Handler                       0x00002079   Thumb Code    18  retarget.o(i.Hard_Fault_Handler)
    SendChar                                 0x0000215d   Thumb Code    12  retarget.o(i.SendChar)
    SendChar_ToUART                          0x00002169   Thumb Code    22  retarget.o(i.SendChar_ToUART)
    SysGet_HCLKFreq                          0x00002185   Thumb Code    68  system_nano100series.o(i.SysGet_HCLKFreq)
    SysGet_PLLClockFreq                      0x000021d5   Thumb Code   120  system_nano100series.o(i.SysGet_PLLClockFreq)
    SysTick_Handler                          0x00002289   Thumb Code    12  main.o(i.SysTick_Handler)
    SystemCoreClockUpdate                    0x00002299   Thumb Code    30  system_nano100series.o(i.SystemCoreClockUpdate)
    TIMER_GetModuleClock                     0x000022c5   Thumb Code   102  timer.o(i.TIMER_GetModuleClock)
    TIMER_Open                               0x00002345   Thumb Code   102  timer.o(i.TIMER_Open)
    TMR1_IRQHandler                          0x000023ad   Thumb Code    16  main.o(i.TMR1_IRQHandler)
    UART0_IRQHandler                         0x000023c5   Thumb Code    10  main.o(i.UART0_IRQHandler)
    UART1_IRQHandler                         0x000023d9   Thumb Code    96  main.o(i.UART1_IRQHandler)
    UART_Open                                0x00002459   Thumb Code   146  uart.o(i.UART_Open)
    __ARM_common_ll_muluu                    0x000024f9   Thumb Code    48  timer.o(i.__ARM_common_ll_muluu)
    __ARM_fpclassify                         0x00002529   Thumb Code    40  fpclassify.o(i.__ARM_fpclassify)
    _is_digit                                0x00002555   Thumb Code    14  __printf_wp.o(i._is_digit)
    cmp_str                                  0x00002563   Thumb Code    32  main.o(i.cmp_str)
    delay_ms                                 0x0000259d   Thumb Code    18  main.o(i.delay_ms)
    ferror                                   0x000025b5   Thumb Code     8  retarget.o(i.ferror)
    fputc                                    0x000025bd   Thumb Code    16  retarget.o(i.fputc)
    i2c_read                                 0x000025cd   Thumb Code   384  myi2c.o(i.i2c_read)
    i2c_scan                                 0x00002751   Thumb Code    42  myi2c.o(i.i2c_scan)
    i2c_start                                0x0000277d   Thumb Code    92  myi2c.o(i.i2c_start)
    i2c_stop                                 0x000027e1   Thumb Code    40  myi2c.o(i.i2c_stop)
    i2c_write                                0x0000280d   Thumb Code   310  myi2c.o(i.i2c_write)
    init_HCLK                                0x00002949   Thumb Code    32  main.o(i.init_HCLK)
    init_TIMER1                              0x00002969   Thumb Code   110  main.o(i.init_TIMER1)
    init_UART0                               0x000029e1   Thumb Code   114  main.o(i.init_UART0)
    init_systick                             0x00002a5d   Thumb Code    22  main.o(i.init_systick)
    lcd_cmd                                  0x00002a79   Thumb Code    52  lcd1602.o(i.lcd_cmd)
    lcd_init                                 0x00002ab5   Thumb Code   134  lcd1602.o(i.lcd_init)
    lcd_print                                0x00002b61   Thumb Code    34  lcd1602.o(i.lcd_print)
    lcd_put                                  0x00002b85   Thumb Code    54  lcd1602.o(i.lcd_put)
    main                                     0x00002bc5   Thumb Code   128  main.o(i.main)
    max30102_init                            0x00002c69   Thumb Code   316  max30102.o(i.max30102_init)
    max30102_read_HR                         0x00002da9   Thumb Code   430  max30102.o(i.max30102_read_HR)
    peak2                                    0x00002fa1   Thumb Code   346  peak.o(i.peak2)
    peak3                                    0x00003135   Thumb Code   346  peak_spo2.o(i.peak3)
    peak_init                                0x000032c9   Thumb Code    26  peak.o(i.peak_init)
    readFifo                                 0x000032fd   Thumb Code   138  max30102.o(i.readFifo)
    readReg                                  0x00003387   Thumb Code    46  max30102.o(i.readReg)
    stackDump                                0x000033b5   Thumb Code    70  retarget.o(i.stackDump)
    writeReg                                 0x0000345d   Thumb Code    34  max30102.o(i.writeReg)
    _get_lc_numeric                          0x00003481   Thumb Code    44  lc_numeric_c.o(locale$$code)
    __aeabi_cdcmpeq                          0x000034ad   Thumb Code     0  deqf.o(x$fpl$deqf)
    _dcmpeq                                  0x000034ad   Thumb Code    94  deqf.o(x$fpl$deqf)
    __aeabi_cdcmple                          0x00003511   Thumb Code     0  dlef.o(x$fpl$dleqf)
    _dcmple                                  0x00003511   Thumb Code    94  dlef.o(x$fpl$dleqf)
    __aeabi_cdrcmple                         0x00003575   Thumb Code     0  drlef.o(x$fpl$drleqf)
    _drcmple                                 0x00003575   Thumb Code   100  drlef.o(x$fpl$drleqf)
    _printf_fp_dec                           0x000035dd   Thumb Code    16  printf1.o(x$fpl$printf1)
    __I$use$fp                               0x000035ec   Number         0  usenofp.o(x$fpl$usenofp)
    connect                                  0x000035ec   Data           8  main.o(.constdata)
    closed                                   0x000035f4   Data           7  main.o(.constdata)
    Region$$Table$$Base                      0x0000378c   Number         0  anon$$obj.o(Region$$Table)
    Region$$Table$$Limit                     0x000037ac   Number         0  anon$$obj.o(Region$$Table)
    g_u32TICK                                0x20000000   Data           4  main.o(.data)
    tick                                     0x20000004   Data           4  main.o(.data)
    ri                                       0x20000008   Data           2  main.o(.data)
    rn                                       0x2000000a   Data           2  main.o(.data)
    WIF                                      0x2000000c   Data           2  main.o(.data)
    conn                                     0x20000010   Data           4  main.o(.data)
    ln                                       0x20000014   Data           4  main.o(.data)
    TMR1F                                    0x20000018   Data           1  main.o(.data)
    NACK                                     0x2000001c   Data           4  main.o(.data)
    ACK                                      0x20000020   Data           4  main.o(.data)
    r                                        0x20000024   Data           2  main.o(.data)
    ti                                       0x20000028   Data           4  main.o(.data)
    V1                                       0x2000002c   Data           4  main.o(.data)
    V2                                       0x20000030   Data           4  main.o(.data)
    REVERSE1                                 0x20000034   Data           1  main.o(.data)
    REVERSE2                                 0x20000035   Data           1  main.o(.data)
    ccccc                                    0x20000038   Data           4  main.o(.data)
    ared                                     0x20000040   Data           8  max30102.o(.data)
    air                                      0x20000048   Data           8  max30102.o(.data)
    o2c                                      0x20000050   Data           8  max30102.o(.data)
    av2                                      0x20000058   Data           8  max30102.o(.data)
    plv                                      0x20000060   Data           4  peak.o(.data)
    pmax                                     0x20000064   Data           4  peak.o(.data)
    pmin                                     0x20000068   Data           4  peak.o(.data)
    px                                       0x2000006c   Data           4  peak.o(.data)
    pdir                                     0x20000070   Data           4  peak.o(.data)
    maxn                                     0x20000074   Data           4  peak.o(.data)
    minn                                     0x20000078   Data           4  peak.o(.data)
    pnn                                      0x2000007c   Data           4  peak.o(.data)
    ni                                       0x20000080   Data           4  peak.o(.data)
    an                                       0x20000084   Data           2  peak.o(.data)
    plv1                                     0x20000088   Data           4  peak_spo2.o(.data)
    pmax1                                    0x2000008c   Data           4  peak_spo2.o(.data)
    pmin1                                    0x20000090   Data           4  peak_spo2.o(.data)
    px1                                      0x20000094   Data           4  peak_spo2.o(.data)
    pdir1                                    0x20000098   Data           4  peak_spo2.o(.data)
    maxn1                                    0x2000009c   Data           4  peak_spo2.o(.data)
    minn1                                    0x200000a0   Data           4  peak_spo2.o(.data)
    pnn1                                     0x200000a4   Data           4  peak_spo2.o(.data)
    ni1                                      0x200000a8   Data           4  peak_spo2.o(.data)
    an1                                      0x200000ac   Data           2  peak_spo2.o(.data)
    plv2                                     0x200000b0   Data           4  peak_spo2.o(.data)
    pmax2                                    0x200000b4   Data           4  peak_spo2.o(.data)
    pmin2                                    0x200000b8   Data           4  peak_spo2.o(.data)
    px2                                      0x200000bc   Data           4  peak_spo2.o(.data)
    pdir2                                    0x200000c0   Data           4  peak_spo2.o(.data)
    maxn2                                    0x200000c4   Data           4  peak_spo2.o(.data)
    minn2                                    0x200000c8   Data           4  peak_spo2.o(.data)
    pnn2                                     0x200000cc   Data           4  peak_spo2.o(.data)
    ni2                                      0x200000d0   Data           4  peak_spo2.o(.data)
    an2                                      0x200000d4   Data           2  peak_spo2.o(.data)
    __stdout                                 0x200000d8   Data           4  retarget.o(.data)
    __stdin                                  0x200000dc   Data           4  retarget.o(.data)
    SystemCoreClock                          0x200000e0   Data           4  system_nano100series.o(.data)
    CyclesPerUs                              0x200000e4   Data           4  system_nano100series.o(.data)
    rb                                       0x200000e8   Data         256  main.o(.bss)
    ss                                       0x200001e8   Data         256  main.o(.bss)
    bf                                       0x200002e8   Data          32  main.o(.bss)
    mr                                       0x20000308   Data         200  peak.o(.bss)
    nr                                       0x200003d0   Data         200  peak.o(.bss)
    mr1                                      0x20000498   Data         200  peak_spo2.o(.bss)
    nr1                                      0x20000560   Data         200  peak_spo2.o(.bss)
    mr2                                      0x20000628   Data         200  peak_spo2.o(.bss)
    nr2                                      0x200006f0   Data         200  peak_spo2.o(.bss)
    __libspace_start                         0x200007b8   Data          96  libspace.o(.bss)
    __temporary_stack_top$libspace           0x20000818   Data           0  libspace.o(.bss)



==============================================================================

Memory Map of the image

  Image Entry point : 0x000001b5

  Load Region LR_1 (Base: 0x00000000, Size: 0x000038b0, Max: 0xffffffff, ABSOLUTE)

    Execution Region ER_RO (Base: 0x00000000, Size: 0x000037c8, Max: 0xffffffff, ABSOLUTE)

    Base Addr    Size         Type   Attr      Idx    E Section Name        Object

    0x00000000   0x000000c0   Data   RO         1496    RESET               startup_nano100series.o
    0x000000c0   0x00000008   Code   RO         1612  * !!!main             c_p.l(__main.o)
    0x000000c8   0x0000003c   Code   RO         1851    !!!scatter          c_p.l(__scatter.o)
    0x00000104   0x0000001a   Code   RO         1853    !!handler_copy      c_p.l(__scatter_copy.o)
    0x0000011e   0x00000002   PAD
    0x00000120   0x0000001c   Code   RO         1855    !!handler_zi        c_p.l(__scatter_zi.o)
    0x0000013c   0x00000002   Code   RO         1601    .ARM.Collect$$_printf_percent$$00000000  c_p.l(_printf_percent.o)
    0x0000013e   0x0000000a   Code   RO         1600    .ARM.Collect$$_printf_percent$$00000003  c_p.l(_printf_f.o)
    0x00000148   0x0000000a   Code   RO         1599    .ARM.Collect$$_printf_percent$$00000009  c_p.l(_printf_d.o)
    0x00000152   0x0000000a   Code   RO         1598    .ARM.Collect$$_printf_percent$$0000000C  c_p.l(_printf_x.o)
    0x0000015c   0x00000004   Code   RO         1650    .ARM.Collect$$_printf_percent$$00000017  c_p.l(_printf_percent_end.o)
    0x00000160   0x00000002   Code   RO         1723    .ARM.Collect$$libinit$$00000000  c_p.l(libinit.o)
    0x00000162   0x00000000   Code   RO         1725    .ARM.Collect$$libinit$$00000002  c_p.l(libinit2.o)
    0x00000162   0x00000000   Code   RO         1727    .ARM.Collect$$libinit$$00000004  c_p.l(libinit2.o)
    0x00000162   0x00000000   Code   RO         1730    .ARM.Collect$$libinit$$0000000A  c_p.l(libinit2.o)
    0x00000162   0x00000000   Code   RO         1732    .ARM.Collect$$libinit$$0000000C  c_p.l(libinit2.o)
    0x00000162   0x00000000   Code   RO         1734    .ARM.Collect$$libinit$$0000000E  c_p.l(libinit2.o)
    0x00000162   0x00000006   Code   RO         1735    .ARM.Collect$$libinit$$0000000F  c_p.l(libinit2.o)
    0x00000168   0x00000000   Code   RO         1737    .ARM.Collect$$libinit$$00000011  c_p.l(libinit2.o)
    0x00000168   0x00000000   Code   RO         1739    .ARM.Collect$$libinit$$00000013  c_p.l(libinit2.o)
    0x00000168   0x00000000   Code   RO         1741    .ARM.Collect$$libinit$$00000015  c_p.l(libinit2.o)
    0x00000168   0x0000000a   Code   RO         1742    .ARM.Collect$$libinit$$00000016  c_p.l(libinit2.o)
    0x00000172   0x00000000   Code   RO         1743    .ARM.Collect$$libinit$$00000017  c_p.l(libinit2.o)
    0x00000172   0x00000000   Code   RO         1745    .ARM.Collect$$libinit$$00000019  c_p.l(libinit2.o)
    0x00000172   0x00000000   Code   RO         1747    .ARM.Collect$$libinit$$0000001B  c_p.l(libinit2.o)
    0x00000172   0x00000000   Code   RO         1749    .ARM.Collect$$libinit$$0000001D  c_p.l(libinit2.o)
    0x00000172   0x00000000   Code   RO         1751    .ARM.Collect$$libinit$$0000001F  c_p.l(libinit2.o)
    0x00000172   0x00000000   Code   RO         1753    .ARM.Collect$$libinit$$00000021  c_p.l(libinit2.o)
    0x00000172   0x00000000   Code   RO         1755    .ARM.Collect$$libinit$$00000023  c_p.l(libinit2.o)
    0x00000172   0x00000000   Code   RO         1757    .ARM.Collect$$libinit$$00000025  c_p.l(libinit2.o)
    0x00000172   0x00000000   Code   RO         1761    .ARM.Collect$$libinit$$0000002C  c_p.l(libinit2.o)
    0x00000172   0x00000000   Code   RO         1763    .ARM.Collect$$libinit$$0000002E  c_p.l(libinit2.o)
    0x00000172   0x00000000   Code   RO         1765    .ARM.Collect$$libinit$$00000030  c_p.l(libinit2.o)
    0x00000172   0x00000000   Code   RO         1767    .ARM.Collect$$libinit$$00000032  c_p.l(libinit2.o)
    0x00000172   0x00000002   Code   RO         1768    .ARM.Collect$$libinit$$00000033  c_p.l(libinit2.o)
    0x00000174   0x00000002   Code   RO         1816    .ARM.Collect$$libshutdown$$00000000  c_p.l(libshutdown.o)
    0x00000176   0x00000000   Code   RO         1834    .ARM.Collect$$libshutdown$$00000002  c_p.l(libshutdown2.o)
    0x00000176   0x00000000   Code   RO         1836    .ARM.Collect$$libshutdown$$00000004  c_p.l(libshutdown2.o)
    0x00000176   0x00000000   Code   RO         1839    .ARM.Collect$$libshutdown$$00000007  c_p.l(libshutdown2.o)
    0x00000176   0x00000000   Code   RO         1842    .ARM.Collect$$libshutdown$$0000000A  c_p.l(libshutdown2.o)
    0x00000176   0x00000000   Code   RO         1844    .ARM.Collect$$libshutdown$$0000000C  c_p.l(libshutdown2.o)
    0x00000176   0x00000000   Code   RO         1847    .ARM.Collect$$libshutdown$$0000000F  c_p.l(libshutdown2.o)
    0x00000176   0x00000002   Code   RO         1848    .ARM.Collect$$libshutdown$$00000010  c_p.l(libshutdown2.o)
    0x00000178   0x00000000   Code   RO         1633    .ARM.Collect$$rtentry$$00000000  c_p.l(__rtentry.o)
    0x00000178   0x00000000   Code   RO         1657    .ARM.Collect$$rtentry$$00000002  c_p.l(__rtentry2.o)
    0x00000178   0x00000006   Code   RO         1669    .ARM.Collect$$rtentry$$00000004  c_p.l(__rtentry4.o)
    0x0000017e   0x00000000   Code   RO         1659    .ARM.Collect$$rtentry$$00000009  c_p.l(__rtentry2.o)
    0x0000017e   0x00000004   Code   RO         1660    .ARM.Collect$$rtentry$$0000000A  c_p.l(__rtentry2.o)
    0x00000182   0x00000000   Code   RO         1662    .ARM.Collect$$rtentry$$0000000C  c_p.l(__rtentry2.o)
    0x00000182   0x00000008   Code   RO         1663    .ARM.Collect$$rtentry$$0000000D  c_p.l(__rtentry2.o)
    0x0000018a   0x00000002   Code   RO         1772    .ARM.Collect$$rtexit$$00000000  c_p.l(rtexit.o)
    0x0000018c   0x00000000   Code   RO         1787    .ARM.Collect$$rtexit$$00000002  c_p.l(rtexit2.o)
    0x0000018c   0x00000004   Code   RO         1788    .ARM.Collect$$rtexit$$00000003  c_p.l(rtexit2.o)
    0x00000190   0x00000006   Code   RO         1789    .ARM.Collect$$rtexit$$00000004  c_p.l(rtexit2.o)
    0x00000196   0x00000002   PAD
    0x00000198   0x0000001c   Code   RO         1405    .emb_text           retarget.o
    0x000001b4   0x00000060   Code   RO         1497  * .text               startup_nano100series.o
    0x00000214   0x0000001c   Code   RO         1547    .text               c_p.l(noretval__2printf.o)
    0x00000230   0x00000028   Code   RO         1549    .text               c_p.l(noretval__2sprintf.o)
    0x00000258   0x0000004e   Code   RO         1553    .text               c_p.l(_printf_pad.o)
    0x000002a6   0x00000002   PAD
    0x000002a8   0x0000006c   Code   RO         1555    .text               c_p.l(_printf_dec.o)
    0x00000314   0x00000058   Code   RO         1560    .text               c_p.l(_printf_hex_int.o)
    0x0000036c   0x00000138   Code   RO         1590    .text               c_p.l(__printf_flags_wp.o)
    0x000004a4   0x0000015a   Code   RO         1606    .text               c_p.l(aeabi_sdiv.o)
    0x000005fe   0x00000006   Code   RO         1610    .text               c_p.l(heapauxi.o)
    0x00000604   0x00000358   Code   RO         1614    .text               fz_ps.l(daddsub.o)
    0x0000095c   0x00000448   Code   RO         1616    .text               fz_ps.l(ddiv.o)
    0x00000da4   0x0000006c   Code   RO         1621    .text               fz_ps.l(dfixi.o)
    0x00000e10   0x00000058   Code   RO         1623    .text               fz_ps.l(dflti.o)
    0x00000e68   0x00000248   Code   RO         1627    .text               fz_ps.l(dmul.o)
    0x000010b0   0x000000b0   Code   RO         1640    .text               c_p.l(_printf_intcommon.o)
    0x00001160   0x00000414   Code   RO         1642    .text               c_p.l(_printf_fp_dec.o)
    0x00001574   0x00000030   Code   RO         1644    .text               c_p.l(_printf_char_common.o)
    0x000015a4   0x0000000a   Code   RO         1646    .text               c_p.l(_sputc.o)
    0x000015ae   0x00000002   PAD
    0x000015b0   0x00000028   Code   RO         1648    .text               c_p.l(_printf_char_file.o)
    0x000015d8   0x00000028   Code   RO         1651    .text               c_p.l(rtudiv10.o)
    0x00001600   0x00000090   Code   RO         1653    .text               fz_ps.l(dcmpin.o)
    0x00001690   0x00000008   Code   RO         1680    .text               c_p.l(rt_locale_intlibspace.o)
    0x00001698   0x0000007a   Code   RO         1682    .text               c_p.l(lludiv10.o)
    0x00001712   0x00000002   PAD
    0x00001714   0x00000088   Code   RO         1684    .text               c_p.l(_printf_fp_infnan.o)
    0x0000179c   0x000000c8   Code   RO         1688    .text               c_p.l(bigflt0.o)
    0x00001864   0x000004a8   Code   RO         1691    .text               c_p.l(btod.o)
    0x00001d0c   0x0000002e   Code   RO         1696    .text               fz_ps.l(cmpret.o)
    0x00001d3a   0x00000002   PAD
    0x00001d3c   0x00000014   Code   RO         1698    .text               fz_ps.l(dnan2.o)
    0x00001d50   0x00000008   Code   RO         1704    .text               c_p.l(libspace.o)
    0x00001d58   0x0000003e   Code   RO         1707    .text               c_p.l(sys_stackheap_outer.o)
    0x00001d96   0x00000010   Code   RO         1710    .text               c_p.l(exit.o)
    0x00001da6   0x00000002   PAD
    0x00001da8   0x00000088   Code   RO         1716    .text               c_p.l(strcmp.o)
    0x00001e30   0x0000005e   Code   RO         1769    .text               fz_ps.l(retnan.o)
    0x00001e8e   0x00000002   PAD
    0x00001e90   0x0000000c   Code   RO         1784    .text               c_p.l(sys_exit.o)
    0x00001e9c   0x00000002   Code   RO         1803    .text               c_p.l(use_no_semi.o)
    0x00001e9e   0x00000000   Code   RO         1805    .text               c_p.l(indicate_semi.o)
    0x00001e9e   0x00000002   PAD
    0x00001ea0   0x00000048   Code   RO          197    i.ADC_IRQHandler    main.o
    0x00001ee8   0x00000024   Code   RO          564    i.CLK_EnableModuleClock  clk.o
    0x00001f0c   0x0000004c   Code   RO          567    i.CLK_EnableXtalRC  clk.o
    0x00001f58   0x00000064   Code   RO          576    i.CLK_SetHCLK       clk.o
    0x00001fbc   0x00000064   Code   RO          577    i.CLK_SetModuleClock  clk.o
    0x00002020   0x00000028   Code   RO          579    i.CLK_WaitClockReady  clk.o
    0x00002048   0x0000002e   Code   RO          707    i.GPIO_SetMode      gpio.o
    0x00002076   0x00000002   PAD
    0x00002078   0x0000002c   Code   RO         1407    i.Hard_Fault_Handler  retarget.o
    0x000020a4   0x00000014   Code   RO          198    i.NVIC_EnableIRQ    main.o
    0x000020b8   0x00000078   Code   RO          199    i.NVIC_SetPriority  main.o
    0x00002130   0x0000000c   Code   RO          200    i.SYS_LockReg       main.o
    0x0000213c   0x00000020   Code   RO          201    i.SYS_UnlockReg     main.o
    0x0000215c   0x0000000c   Code   RO         1409    i.SendChar          retarget.o
    0x00002168   0x0000001c   Code   RO         1410    i.SendChar_ToUART   retarget.o
    0x00002184   0x00000050   Code   RO         1503    i.SysGet_HCLKFreq   system_nano100series.o
    0x000021d4   0x00000080   Code   RO         1504    i.SysGet_PLLClockFreq  system_nano100series.o
    0x00002254   0x00000034   Code   RO          202    i.SysTick_Config    main.o
    0x00002288   0x00000010   Code   RO          203    i.SysTick_Handler   main.o
    0x00002298   0x0000002c   Code   RO         1505    i.SystemCoreClockUpdate  system_nano100series.o
    0x000022c4   0x00000080   Code   RO         1225    i.TIMER_GetModuleClock  timer.o
    0x00002344   0x00000066   Code   RO         1226    i.TIMER_Open        timer.o
    0x000023aa   0x00000002   PAD
    0x000023ac   0x00000018   Code   RO          204    i.TMR1_IRQHandler   main.o
    0x000023c4   0x00000014   Code   RO          205    i.UART0_IRQHandler  main.o
    0x000023d8   0x00000080   Code   RO          206    i.UART1_IRQHandler  main.o
    0x00002458   0x000000a0   Code   RO         1312    i.UART_Open         uart.o
    0x000024f8   0x00000030   Code   RO         1299    i.__ARM_common_ll_muluu  timer.o
    0x00002528   0x0000002c   Code   RO         1702    i.__ARM_fpclassify  m_ps.l(fpclassify.o)
    0x00002554   0x0000000e   Code   RO         1588    i._is_digit         c_p.l(__printf_wp.o)
    0x00002562   0x00000020   Code   RO          207    i.cmp_str           main.o
    0x00002582   0x0000000c   Code   RO            3    i.delay             lcd1602.o
    0x0000258e   0x0000000c   Code   RO          148    i.delay             myi2c.o
    0x0000259a   0x00000002   PAD
    0x0000259c   0x00000018   Code   RO          208    i.delay_ms          main.o
    0x000025b4   0x00000008   Code   RO         1412    i.ferror            retarget.o
    0x000025bc   0x00000010   Code   RO         1414    i.fputc             retarget.o
    0x000025cc   0x00000184   Code   RO          149    i.i2c_read          myi2c.o
    0x00002750   0x0000002a   Code   RO          150    i.i2c_scan          myi2c.o
    0x0000277a   0x00000002   PAD
    0x0000277c   0x00000064   Code   RO          151    i.i2c_start         myi2c.o
    0x000027e0   0x0000002c   Code   RO          152    i.i2c_stop          myi2c.o
    0x0000280c   0x0000013c   Code   RO          153    i.i2c_write         myi2c.o
    0x00002948   0x00000020   Code   RO          211    i.init_HCLK         main.o
    0x00002968   0x00000078   Code   RO          212    i.init_TIMER1       main.o
    0x000029e0   0x0000007c   Code   RO          213    i.init_UART0        main.o
    0x00002a5c   0x0000001c   Code   RO          215    i.init_systick      main.o
    0x00002a78   0x0000003c   Code   RO            5    i.lcd_cmd           lcd1602.o
    0x00002ab4   0x000000ac   Code   RO            6    i.lcd_init          lcd1602.o
    0x00002b60   0x00000022   Code   RO            8    i.lcd_print         lcd1602.o
    0x00002b82   0x00000002   PAD
    0x00002b84   0x00000040   Code   RO            9    i.lcd_put           lcd1602.o
    0x00002bc4   0x000000a4   Code   RO          216    i.main              main.o
    0x00002c68   0x00000140   Code   RO          345    i.max30102_init     max30102.o
    0x00002da8   0x000001f8   Code   RO          346    i.max30102_read_HR  max30102.o
    0x00002fa0   0x00000194   Code   RO          410    i.peak2             peak.o
    0x00003134   0x00000194   Code   RO          454    i.peak3             peak_spo2.o
    0x000032c8   0x00000034   Code   RO          412    i.peak_init         peak.o
    0x000032fc   0x0000008a   Code   RO          349    i.readFifo          max30102.o
    0x00003386   0x0000002e   Code   RO          350    i.readReg           max30102.o
    0x000033b4   0x000000a8   Code   RO         1416    i.stackDump         retarget.o
    0x0000345c   0x00000022   Code   RO          351    i.writeReg          max30102.o
    0x0000347e   0x00000002   PAD
    0x00003480   0x0000002c   Code   RO         1694    locale$$code        c_p.l(lc_numeric_c.o)
    0x000034ac   0x00000064   Code   RO         1619    x$fpl$deqf          fz_ps.l(deqf.o)
    0x00003510   0x00000064   Code   RO         1625    x$fpl$dleqf         fz_ps.l(dlef.o)
    0x00003574   0x00000068   Code   RO         1629    x$fpl$drleqf        fz_ps.l(drlef.o)
    0x000035dc   0x00000010   Code   RO         1631    x$fpl$printf1       fz_ps.l(printf1.o)
    0x000035ec   0x00000000   Code   RO         1655    x$fpl$usenofp       fz_ps.l(usenofp.o)
    0x000035ec   0x0000000f   Data   RO          218    .constdata          main.o
    0x000035fb   0x00000001   PAD
    0x000035fc   0x00000010   Data   RO         1229    .constdata          timer.o
    0x0000360c   0x00000030   Data   RO         1320    .constdata          uart.o
    0x0000363c   0x00000028   Data   RO         1561    .constdata          c_p.l(_printf_hex_int.o)
    0x00003664   0x00000011   Data   RO         1591    .constdata          c_p.l(__printf_flags_wp.o)
    0x00003675   0x00000080   Data   RO         1617    .constdata          fz_ps.l(ddiv.o)
    0x000036f5   0x00000003   PAD
    0x000036f8   0x00000094   Data   RO         1689    .constdata          c_p.l(bigflt0.o)
    0x0000378c   0x00000020   Data   RO         1849    Region$$Table       anon$$obj.o
    0x000037ac   0x0000001c   Data   RO         1693    locale$$data        c_p.l(lc_numeric_c.o)


    Execution Region ER_RW (Base: 0x20000000, Size: 0x000000e8, Max: 0xffffffff, ABSOLUTE)

    Base Addr    Size         Type   Attr      Idx    E Section Name        Object

    0x20000000   0x0000003c   Data   RW          219    .data               main.o
    0x2000003c   0x00000004   PAD
    0x20000040   0x00000020   Data   RW          352    .data               max30102.o
    0x20000060   0x00000026   Data   RW          414    .data               peak.o
    0x20000086   0x00000002   PAD
    0x20000088   0x0000004e   Data   RW          458    .data               peak_spo2.o
    0x200000d6   0x00000002   PAD
    0x200000d8   0x00000008   Data   RW         1417    .data               retarget.o
    0x200000e0   0x00000008   Data   RW         1506    .data               system_nano100series.o


    Execution Region ER_ZI (Base: 0x200000e8, Size: 0x00001130, Max: 0xffffffff, ABSOLUTE)

    Base Addr    Size         Type   Attr      Idx    E Section Name        Object

    0x200000e8   0x00000220   Zero   RW          217    .bss                main.o
    0x20000308   0x00000190   Zero   RW          413    .bss                peak.o
    0x20000498   0x00000320   Zero   RW          457    .bss                peak_spo2.o
    0x200007b8   0x00000060   Zero   RW         1705    .bss                c_p.l(libspace.o)
    0x20000818   0x00000500   Zero   RW         1495    HEAP                startup_nano100series.o
    0x20000d18   0x00000500   Zero   RW         1494    STACK               startup_nano100series.o


==============================================================================

Image component sizes


      Code (inc. data)   RO Data    RW Data    ZI Data      Debug   Object Name

       352         28          0          0          0       3151   clk.o
        46          0          0          0          0       1019   gpio.o
       342         56          0          0          0     118083   lcd1602.o
      1020        168         15         60        544      45290   main.o
      1042         78          0         32          0       3750   max30102.o
       902         22          0          0          0       3597   myi2c.o
       456         84          0         38        400       2002   peak.o
       404         58          0         78        800       2010   peak_spo2.o
       304        134          0          8          0       5145   retarget.o
         0          0          0          0          0     111352   rtc.o
        96         46        192          0       2560        632   startup_nano100series.o
       252         34          0          8          0       2182   system_nano100series.o
       278         26         16          0          0       2000   timer.o
       160         14         48          0          0       1308   uart.o

    ----------------------------------------------------------------------
      5666        748        304        232       4304     301521   Object Totals
         0          0         32          0          0          0   (incl. Generated)
        12          0          1          8          0          0   (incl. Padding)

    ----------------------------------------------------------------------

      Code (inc. data)   RO Data    RW Data    ZI Data      Debug   Library Member Name

         8          0          0          0          0         68   __main.o
       312          6         17          0          0         76   __printf_flags_wp.o
        14          0          0          0          0         60   __printf_wp.o
         0          0          0          0          0          0   __rtentry.o
        12          0          0          0          0          0   __rtentry2.o
         6          0          0          0          0          0   __rtentry4.o
        60          8          0          0          0          0   __scatter.o
        26          0          0          0          0          0   __scatter_copy.o
        28          0          0          0          0          0   __scatter_zi.o
        48          6          0          0          0         88   _printf_char_common.o
        40          6          0          0          0         72   _printf_char_file.o
        10          0          0          0          0          0   _printf_d.o
       108         18          0          0          0         76   _printf_dec.o
        10          0          0          0          0          0   _printf_f.o
      1044         14          0          0          0        176   _printf_fp_dec.o
       136         16          0          0          0         76   _printf_fp_infnan.o
        88          4         40          0          0         72   _printf_hex_int.o
       176          0          0          0          0         84   _printf_intcommon.o
        78          0          0          0          0        100   _printf_pad.o
         2          0          0          0          0          0   _printf_percent.o
         4          0          0          0          0          0   _printf_percent_end.o
        10          0          0          0          0          0   _printf_x.o
        10          0          0          0          0         60   _sputc.o
       346          0          0          0          0         92   aeabi_sdiv.o
       200          4        148          0          0         80   bigflt0.o
      1192         12          0          0          0        240   btod.o
        16          0          0          0          0         68   exit.o
         6          0          0          0          0        136   heapauxi.o
         0          0          0          0          0          0   indicate_semi.o
        44         10         28          0          0         76   lc_numeric_c.o
         2          0          0          0          0          0   libinit.o
        18          0          0          0          0          0   libinit2.o
         2          0          0          0          0          0   libshutdown.o
         2          0          0          0          0          0   libshutdown2.o
         8          4          0          0         96         68   libspace.o
       122          0          0          0          0         72   lludiv10.o
        28          6          0          0          0         84   noretval__2printf.o
        40          4          0          0          0         84   noretval__2sprintf.o
         8          4          0          0          0         68   rt_locale_intlibspace.o
         2          0          0          0          0          0   rtexit.o
        10          0          0          0          0          0   rtexit2.o
        40          0          0          0          0         60   rtudiv10.o
       136          4          0          0          0         72   strcmp.o
        12          4          0          0          0         60   sys_exit.o
        62          0          0          0          0         80   sys_stackheap_outer.o
         2          0          0          0          0         68   use_no_semi.o
        46          0          0          0          0         60   cmpret.o
       856         20          0          0          0        208   daddsub.o
       144          4          0          0          0         76   dcmpin.o
      1096         26        128          0          0        112   ddiv.o
       100          4          0          0          0         92   deqf.o
       108         10          0          0          0         72   dfixi.o
        88          0          0          0          0         92   dflti.o
       100          4          0          0          0         92   dlef.o
       584         26          0          0          0         84   dmul.o
        20          6          0          0          0         68   dnan2.o
       104          4          0          0          0        104   drlef.o
        16          4          0          0          0         76   printf1.o
        94          0          0          0          0         68   retnan.o
         0          0          0          0          0          0   usenofp.o
        44          4          0          0          0         60   fpclassify.o

    ----------------------------------------------------------------------
      7946        242        364          0         96       3680   Library Totals
        18          0          3          0          0          0   (incl. Padding)

    ----------------------------------------------------------------------

      Code (inc. data)   RO Data    RW Data    ZI Data      Debug   Library Name

      4528        130        233          0         96       2416   c_p.l
      3356        108        128          0          0       1204   fz_ps.l
        44          4          0          0          0         60   m_ps.l

    ----------------------------------------------------------------------
      7946        242        364          0         96       3680   Library Totals

    ----------------------------------------------------------------------

==============================================================================


      Code (inc. data)   RO Data    RW Data    ZI Data      Debug   

     13612        990        668        232       4400     301085   Grand Totals
     13612        990        668        232       4400     301085   ELF Image Totals
     13612        990        668        232          0          0   ROM Totals

==============================================================================

    Total RO  Size (Code + RO Data)                14280 (  13.95kB)
    Total RW  Size (RW Data + ZI Data)              4632 (   4.52kB)
    Total ROM Size (Code + RO Data + RW Data)      14512 (  14.17kB)

==============================================================================

